// Jest Snapshot v1, https://jestjs.io/docs/snapshot-testing

exports[`buildReportBlocks renders a full weekly digest (snapshot covers structure, breakdowns, GA events + sub-row breakdowns, anomalies, baselines) 1`] = `
[
  {
    "text": {
      "text": "Bloom weekly digest — 2026-W16 (2026-04-13 → 2026-04-19)",
      "type": "plain_text",
    },
    "type": "header",
  },
  {
    "elements": [
      {
        "text": "trigger: *manual* · tz: Europe/London · baseline: last 4 periods · run: run-123",
        "type": "mrkdwn",
      },
    ],
    "type": "context",
  },
  {
    "type": "divider",
  },
  {
    "fields": [
      {
        "text": "*New users*
12  ·  ↑ 20% vs avg 10",
        "type": "mrkdwn",
      },
      {
        "text": "*New partner users*
8",
        "type": "mrkdwn",
      },
      {
        "text": "*Deleted users*
1",
        "type": "mrkdwn",
      },
      {
        "text": "*Active users*
540",
        "type": "mrkdwn",
      },
      {
        "text": "*Courses started*
8",
        "type": "mrkdwn",
      },
      {
        "text": "*Sessions started*
24",
        "type": "mrkdwn",
      },
      {
        "text": "*Resources started*
14",
        "type": "mrkdwn",
      },
      {
        "text": "*Therapy sessions completed*
7",
        "type": "mrkdwn",
      },
      {
        "text": "*Messages sent*
18",
        "type": "mrkdwn",
      },
      {
        "text": "*Notes from Bloom subscribed*
6",
        "type": "mrkdwn",
      },
    ],
    "type": "section",
  },
  {
    "type": "divider",
  },
  {
    "fields": [
      {
        "text": "*New users (DB)*
12  ·  ↑ 20% vs avg 10",
        "type": "mrkdwn",
      },
    ],
    "text": {
      "text": "*:mag: Worth looking at* _(vs last 4-period baseline)_",
      "type": "mrkdwn",
    },
    "type": "section",
  },
  {
    "type": "divider",
  },
  {
    "text": {
      "text": "*:busts_in_silhouette: Users & accounts*",
      "type": "mrkdwn",
    },
    "type": "section",
  },
  {
    "fields": [
      {
        "text": "*New users*
12  ·  ↑ 20% vs avg 10",
        "type": "mrkdwn",
      },
      {
        "text": "*New partner users*
8",
        "type": "mrkdwn",
      },
      {
        "text": "*Deleted users*
1",
        "type": "mrkdwn",
      },
      {
        "text": "*Active users*
540",
        "type": "mrkdwn",
      },
      {
        "text": "*Partner access grants*
4",
        "type": "mrkdwn",
      },
      {
        "text": "*Partner access activations*
2",
        "type": "mrkdwn",
      },
    ],
    "type": "section",
  },
  {
    "text": {
      "text": "*New users by partner*
Bumble (8) · Public (no partner) (4)",
      "type": "mrkdwn",
    },
    "type": "section",
  },
  {
    "fields": [
      {
        "text": "*Login flow*
success (142)",
        "type": "mrkdwn",
      },
      {
        "text": "*Partner access codes*
invalid (client) (14)
↳ partner: badcode-org (9) · oldcode (4)",
        "type": "mrkdwn",
      },
    ],
    "text": {
      "text": "*Analytics events*",
      "type": "mrkdwn",
    },
    "type": "section",
  },
  {
    "text": {
      "text": " ",
      "type": "mrkdwn",
    },
    "type": "section",
  },
  {
    "type": "divider",
  },
  {
    "text": {
      "text": "*:open_book: Courses & sessions*",
      "type": "mrkdwn",
    },
    "type": "section",
  },
  {
    "fields": [
      {
        "text": "*Courses started*
8",
        "type": "mrkdwn",
      },
      {
        "text": "*Courses completed*
3",
        "type": "mrkdwn",
      },
      {
        "text": "*Sessions started*
24",
        "type": "mrkdwn",
      },
      {
        "text": "*Sessions completed*
9",
        "type": "mrkdwn",
      },
      {
        "text": "*Session feedback*
5",
        "type": "mrkdwn",
      },
    ],
    "type": "section",
  },
  {
    "fields": [
      {
        "text": "*Foundations*
6 started · 2 completed",
        "type": "mrkdwn",
      },
    ],
    "text": {
      "text": "*Courses*",
      "type": "mrkdwn",
    },
    "type": "section",
  },
  {
    "fields": [
      {
        "text": "*Foundations: Intro*
9 started · 5 completed",
        "type": "mrkdwn",
      },
      {
        "text": "*Foundations: Reflection*
5 started · 3 completed",
        "type": "mrkdwn",
      },
    ],
    "text": {
      "text": "*Sessions*",
      "type": "mrkdwn",
    },
    "type": "section",
  },
  {
    "text": {
      "text": "*Session feedback by tag*
useful (3)",
      "type": "mrkdwn",
    },
    "type": "section",
  },
  {
    "text": {
      "text": " ",
      "type": "mrkdwn",
    },
    "type": "section",
  },
  {
    "type": "divider",
  },
  {
    "text": {
      "text": "*:headphones: Resources*",
      "type": "mrkdwn",
    },
    "type": "section",
  },
  {
    "fields": [
      {
        "text": "*Resources started*
14",
        "type": "mrkdwn",
      },
      {
        "text": "*Resources completed*
7",
        "type": "mrkdwn",
      },
      {
        "text": "*Resource feedback*
3",
        "type": "mrkdwn",
      },
    ],
    "type": "section",
  },
  {
    "fields": [
      {
        "text": "*Short videos: Breathing*
6 started · 3 completed",
        "type": "mrkdwn",
      },
      {
        "text": "*Short videos: Grounding*
3 started · 2 completed",
        "type": "mrkdwn",
      },
    ],
    "text": {
      "text": "*Resources*",
      "type": "mrkdwn",
    },
    "type": "section",
  },
  {
    "text": {
      "text": "*Resource feedback by tag*
relatable (3)",
      "type": "mrkdwn",
    },
    "type": "section",
  },
  {
    "text": {
      "text": " ",
      "type": "mrkdwn",
    },
    "type": "section",
  },
  {
    "type": "divider",
  },
  {
    "text": {
      "text": "*:cherry_blossom: Therapy*",
      "type": "mrkdwn",
    },
    "type": "section",
  },
  {
    "fields": [
      {
        "text": "*Therapy bookings made*
5",
        "type": "mrkdwn",
      },
      {
        "text": "*Therapy sessions completed*
7",
        "type": "mrkdwn",
      },
      {
        "text": "*Therapy cancellations*
1",
        "type": "mrkdwn",
      },
    ],
    "type": "section",
  },
  {
    "text": {
      "text": "*Therapy by therapist*
Dr Jane Smith (4)",
      "type": "mrkdwn",
    },
    "type": "section",
  },
  {
    "text": {
      "text": " ",
      "type": "mrkdwn",
    },
    "type": "section",
  },
  {
    "type": "divider",
  },
  {
    "text": {
      "text": "*:envelope_with_arrow: Communications*",
      "type": "mrkdwn",
    },
    "type": "section",
  },
  {
    "fields": [
      {
        "text": "*Messages sent*
18",
        "type": "mrkdwn",
      },
      {
        "text": "*Messages received*
22",
        "type": "mrkdwn",
      },
      {
        "text": "*Notes from Bloom subscribed*
6",
        "type": "mrkdwn",
      },
      {
        "text": "*Notes from Bloom unsubscribed*
1",
        "type": "mrkdwn",
      },
    ],
    "type": "section",
  },
  {
    "text": {
      "text": " ",
      "type": "mrkdwn",
    },
    "type": "section",
  },
  {
    "type": "divider",
  },
  {
    "text": {
      "text": "*:warning: Errors*",
      "type": "mrkdwn",
    },
    "type": "section",
  },
  {
    "fields": [
      {
        "text": "*Login errors*
3",
        "type": "mrkdwn",
      },
    ],
    "text": {
      "text": "*Analytics events*",
      "type": "mrkdwn",
    },
    "type": "section",
  },
  {
    "text": {
      "text": " ",
      "type": "mrkdwn",
    },
    "type": "section",
  },
  {
    "type": "divider",
  },
  {
    "text": {
      "text": "*:chart_with_upwards_trend: Site analytics*",
      "type": "mrkdwn",
    },
    "type": "section",
  },
  {
    "fields": [
      {
        "text": "*Active users (GA)*
1,234",
        "type": "mrkdwn",
      },
      {
        "text": "*New users (GA)*
210",
        "type": "mrkdwn",
      },
      {
        "text": "*Sessions (GA)*
1,890",
        "type": "mrkdwn",
      },
      {
        "text": "*Pageviews*
4,212",
        "type": "mrkdwn",
      },
      {
        "text": "*Avg session (s)*
123.4",
        "type": "mrkdwn",
      },
    ],
    "text": {
      "text": "*Analytics traffic*",
      "type": "mrkdwn",
    },
    "type": "section",
  },
  {
    "fields": [
      {
        "text": "*Top pages*
/courses (500)",
        "type": "mrkdwn",
      },
    ],
    "text": {
      "text": "*Top traffic*",
      "type": "mrkdwn",
    },
    "type": "section",
  },
  {
    "text": {
      "text": " ",
      "type": "mrkdwn",
    },
    "type": "section",
  },
]
`;
