// Jest Snapshot v1, https://jestjs.io/docs/snapshot-testing

exports[`buildReportBlocks renders a full weekly digest topic-sectioned (snapshot) 1`] = `
[
  {
    "text": {
      "text": "Bloom weekly digest — 2026-W16 (2026-04-12 → 2026-04-19)",
      "type": "plain_text",
    },
    "type": "header",
  },
  {
    "elements": [
      {
        "text": "trigger: *manual* · tz: Europe/London · run: run-123",
        "type": "mrkdwn",
      },
      {
        "text": "_DB = source of truth · Analytics events supplement where the DB has no equivalent_",
        "type": "mrkdwn",
      },
    ],
    "type": "context",
  },
  {
    "type": "divider",
  },
  {
    "text": {
      "text": "*:sparkles: Headline* _(top-line across the period)_",
      "type": "mrkdwn",
    },
    "type": "section",
  },
  {
    "fields": [
      {
        "text": "*New users*
12",
        "type": "mrkdwn",
      },
      {
        "text": "*Active users*
1,234",
        "type": "mrkdwn",
      },
      {
        "text": "*Courses started*
8",
        "type": "mrkdwn",
      },
      {
        "text": "*Courses completed*
3",
        "type": "mrkdwn",
      },
      {
        "text": "*Sessions started*
24",
        "type": "mrkdwn",
      },
      {
        "text": "*Sessions completed*
9",
        "type": "mrkdwn",
      },
      {
        "text": "*Resources started*
14",
        "type": "mrkdwn",
      },
      {
        "text": "*Resources completed*
7",
        "type": "mrkdwn",
      },
      {
        "text": "*Therapy bookings made*
5",
        "type": "mrkdwn",
      },
      {
        "text": "*Therapy scheduled*
7",
        "type": "mrkdwn",
      },
    ],
    "type": "section",
  },
  {
    "type": "divider",
  },
  {
    "text": {
      "text": "*:bust_in_silhouette: Users & accounts*",
      "type": "mrkdwn",
    },
    "type": "section",
  },
  {
    "fields": [
      {
        "text": "*New users*
12",
        "type": "mrkdwn",
      },
      {
        "text": "*Deleted users*
1",
        "type": "mrkdwn",
      },
      {
        "text": "*Partner access grants*
4",
        "type": "mrkdwn",
      },
      {
        "text": "*Partner access activations*
2",
        "type": "mrkdwn",
      },
      {
        "text": "*Activation rate (%)*
23",
        "type": "mrkdwn",
      },
      {
        "text": "*Partner activation rate (%)*
41",
        "type": "mrkdwn",
      },
    ],
    "type": "section",
  },
  {
    "fields": [
      {
        "text": "*Active users*
1,234",
        "type": "mrkdwn",
      },
      {
        "text": "*New users (GA)*
210",
        "type": "mrkdwn",
      },
      {
        "text": "*Sessions*
1,890",
        "type": "mrkdwn",
      },
      {
        "text": "*Pageviews*
4,212",
        "type": "mrkdwn",
      },
      {
        "text": "*Avg session (s)*
123.4",
        "type": "mrkdwn",
      },
    ],
    "type": "section",
  },
  {
    "text": {
      "text": "*Breakdowns*
• New users by partner (DB): Bumble (8) · Public (no partner) (4)
• New users by signup language (DB): en (10)
• Partner-access grants by partner (DB): Bumble (4)
• Partner-access activations by partner (DB): Bumble (2)

*Flows (Analytics events)*
• *Signup flow* — Registrations 28 → Survey completed 0 (0%)

*Detail (Analytics events)*
_Auth & onboarding_
• Header login clicks — 0
• Logins — 142
• Logouts — 0
• Registrations — 28
• Reset-password link clicks — 0
• Password resets — 0
• Create-account link — 0
• Signup survey — completed (0) · skipped (0)
• About you form — viewed (0) · demographics submitted (0) · SETA submitted (0)
• Apply-a-code page viewed — 0
• Partner access codes — redeemed (0) · invalid (client) (0) · new partner assigned (0) · invalid (server) (0)",
      "type": "mrkdwn",
    },
    "type": "section",
  },
  {
    "type": "divider",
  },
  {
    "text": {
      "text": "*:books: Courses & sessions*",
      "type": "mrkdwn",
    },
    "type": "section",
  },
  {
    "fields": [
      {
        "text": "*Courses started*
8",
        "type": "mrkdwn",
      },
      {
        "text": "*Courses completed*
3",
        "type": "mrkdwn",
      },
      {
        "text": "*Sessions started*
24",
        "type": "mrkdwn",
      },
      {
        "text": "*Sessions completed*
9",
        "type": "mrkdwn",
      },
      {
        "text": "*Session feedback*
5",
        "type": "mrkdwn",
      },
    ],
    "type": "section",
  },
  {
    "text": {
      "text": "*Courses & sessions (DB)*
• *Foundations* — courses: 6 started · 2 completed · sessions: 14 started · 8 completed
    ↳ Intro (9 started · 5 completed) · Reflection (5 started · 3 completed)

*Breakdowns*
• Session feedback by tag (DB): useful (3)

*Flows (Analytics events)*
• *Session flow* — Viewed 56 → Started 0 (0%) → Completed 0 (0%) → Feedback 0 (0%)

*Detail (Analytics events)*
_Courses_
• Course list viewed — 0
• Course overview viewed — 0
• Course intro video — started (0) · finished (0)
• Course intro transcript — opened (0) · closed (0)
_Sessions_
• Session viewed — 56
• Session video — started (32) · finished (0)
• Session progression — started (0) · completed (0)
• Session transcript — opened (0) · closed (0)
• Session feedback (GA) — 0
• Session chat CTA — 0",
      "type": "mrkdwn",
    },
    "type": "section",
  },
  {
    "type": "divider",
  },
  {
    "text": {
      "text": "*:headphones: Resources*",
      "type": "mrkdwn",
    },
    "type": "section",
  },
  {
    "fields": [
      {
        "text": "*Resources started*
14",
        "type": "mrkdwn",
      },
      {
        "text": "*Resources completed*
7",
        "type": "mrkdwn",
      },
      {
        "text": "*Resource feedback*
3",
        "type": "mrkdwn",
      },
    ],
    "type": "section",
  },
  {
    "text": {
      "text": "*Resources (DB)*
• *Short videos* — 9 started · 5 completed
    ↳ Breathing (6 started · 3 completed) · Grounding (3 started · 2 completed)

*Breakdowns*
• Resource feedback by tag (DB): relatable (3)

*Detail (Analytics events)*
_Resource events_
• Conversations — viewed (0) · started (0) · finished (0) · completed (0)
• Short videos — viewed (0) · started (0) · finished (0) · completed (0)
• Single videos — viewed (0) · started (0) · finished (0) · completed (0)
• Resource feedback (GA) — 0
• Resource → session navigation — from short (0) · from single (0)",
      "type": "mrkdwn",
    },
    "type": "section",
  },
  {
    "type": "divider",
  },
  {
    "text": {
      "text": "*:speech_balloon: Therapy*",
      "type": "mrkdwn",
    },
    "type": "section",
  },
  {
    "fields": [
      {
        "text": "*Therapy bookings made*
5",
        "type": "mrkdwn",
      },
      {
        "text": "*Therapy cancellations*
1",
        "type": "mrkdwn",
      },
      {
        "text": "*Therapy scheduled*
7",
        "type": "mrkdwn",
      },
    ],
    "type": "section",
  },
  {
    "text": {
      "text": "*Breakdowns*
• Therapy by therapist (DB): Dr Jane Smith (4)
• Therapy by partner (DB): Bumble (5)

*Detail (Analytics events)*
_Therapy events_
• My bookings list viewed — 0
• Book-a-session flow — page views (0) · booking opened (0) · confirmed (0)
• Therapy cancellations — dialog opened (0) · confirmed (0) · cancelled (0)
• Therapy joining — 0
• Therapy FAQ — 0",
      "type": "mrkdwn",
    },
    "type": "section",
  },
  {
    "type": "divider",
  },
  {
    "text": {
      "text": "*:left_speech_bubble: Messaging*",
      "type": "mrkdwn",
    },
    "type": "section",
  },
  {
    "text": {
      "text": "*Detail (Analytics events)*
_Chat_
• Chat — opened (0) · composed (0) · sent (0)",
      "type": "mrkdwn",
    },
    "type": "section",
  },
  {
    "type": "divider",
  },
  {
    "text": {
      "text": "*:inbox_tray: Communications*",
      "type": "mrkdwn",
    },
    "type": "section",
  },
  {
    "fields": [
      {
        "text": "*WhatsApp subscribed*
6",
        "type": "mrkdwn",
      },
      {
        "text": "*WhatsApp unsubscribed*
1",
        "type": "mrkdwn",
      },
    ],
    "type": "section",
  },
  {
    "text": {
      "text": "*Detail (Analytics events)*
_Email & comms_
• Email reminders (GA — no DB date column) — set (0) · unset (0)
• Service emails — 0
• Cookies consent — accepted (0) · rejected (0)",
      "type": "mrkdwn",
    },
    "type": "section",
  },
  {
    "type": "divider",
  },
  {
    "text": {
      "text": "*:iphone: App & traffic*",
      "type": "mrkdwn",
    },
    "type": "section",
  },
  {
    "text": {
      "text": "*Detail (Analytics events)*
_App & install_
• App loads — PWA (0) · Web (0)
• PWA install — install clicked (0) · installed (0) · dismiss clicked (0) · dismissed (0)
• PWA desktop banner viewed — 0

*Top traffic breakdowns (Analytics events)*
_Top pages_
• /courses — 500 (200 users)",
      "type": "mrkdwn",
    },
    "type": "section",
  },
  {
    "type": "divider",
  },
  {
    "text": {
      "text": "*:compass: Navigation & engagement*",
      "type": "mrkdwn",
    },
    "type": "section",
  },
  {
    "text": {
      "text": "*Detail (Analytics events)*
_Header_
• Header nav — menu opened (0) · menu closed (0) · home logo (0) · account icon (0) · apply-code (0) · our team (0) · immediate help (0) · admin (0)
• Drawer — courses (0) · therapy (0) · chat (0) · notes (0) · activities (0) · grounding (0) · our team (0) · immediate help (0) · admin (0) · login (0)
• Secondary header — courses (0) · therapy (0) · chat (0) · notes (0) · activities (0) · grounding (0)
• Language menu — 0
• Language switches — EN (0) · DE (0) · FR (0) · ES (0) · PT (0) · HI (0)
• On-page engagement — FAQ opens (0) · accordion opens (0) · related content (0) · meet team (0) · leave-site button (0)
• Social links — social (0) · partner social (0)",
      "type": "mrkdwn",
    },
    "type": "section",
  },
  {
    "type": "divider",
  },
  {
    "text": {
      "text": "*:loudspeaker: Promo & banners*",
      "type": "mrkdwn",
    },
    "type": "section",
  },
  {
    "text": {
      "text": "*Detail (Analytics events)*
_Promo & banners_
• Promo CTA — 0
• Sign-up-today banner — 0
• Notes-from-Bloom promo — 0
• User-research banner — interested (0) · dismissed (0)
• Fruitz retirement banner — 0",
      "type": "mrkdwn",
    },
    "type": "section",
  },
  {
    "type": "divider",
  },
  {
    "text": {
      "text": "*:gear: Admin activity*",
      "type": "mrkdwn",
    },
    "type": "section",
  },
  {
    "text": {
      "text": "*Detail (Analytics events)*
_Admin activity_
• Admin dashboard viewed — 0
• Partner access codes created — 0
• Partner admin changes — created (0) · updated (0)
• Partner active toggles — 0
• Therapy sessions adjusted — 0",
      "type": "mrkdwn",
    },
    "type": "section",
  },
  {
    "type": "divider",
  },
  {
    "text": {
      "text": "*:rotating_light: Errors*",
      "type": "mrkdwn",
    },
    "type": "section",
  },
  {
    "text": {
      "text": "_Errors_
• Login errors — 3",
      "type": "mrkdwn",
    },
    "type": "section",
  },
]
`;
